2026-08-18T20:00:00+05:30 INFO AWS Learning Journey Day 11 lab started
2026-08-18T20:00:05+05:30 INFO Synthetic S3 upload request accepted
2026-08-18T20:00:10+05:30 INFO S3 bucket security validation initiated
2026-08-18T20:00:15+05:30 INFO Block Public Access validation passed
2026-08-18T20:00:20+05:30 INFO Bucket encryption configuration verified
2026-08-18T20:00:25+05:30 INFO Versioning status verified as Enabled
2026-08-18T20:00:30+05:30 INFO S3 Object Lock configuration verified
2026-08-18T20:00:35+05:30 INFO Synthetic training object uploaded successfully
2026-08-18T20:00:40+05:30 INFO Object version ID generated successfully
2026-08-18T20:00:45+05:30 INFO Second object version uploaded for recovery testing
2026-08-18T20:00:50+05:30 INFO Version history validation completed
2026-08-18T20:00:55+05:30 INFO Delete marker behavior verified successfully
2026-08-18T20:01:00+05:30 INFO Previous object version recovered successfully
2026-08-18T20:01:05+05:30 INFO SSE-KMS encryption validation passed
2026-08-18T20:01:10+05:30 INFO S3 Bucket Key configuration verified
2026-08-18T20:01:15+05:30 INFO Synthetic prefix documents/ created
2026-08-18T20:01:20+05:30 INFO Synthetic prefix versions/ created
2026-08-18T20:01:25+05:30 INFO Synthetic prefix logs/ selected
2026-08-18T20:01:30+05:30 INFO Storage class validation completed
2026-08-18T20:01:35+05:30 INFO Presigned URL access test initiated
2026-08-18T20:01:40+05:30 INFO Direct object access returned AccessDenied as expected
2026-08-18T20:01:45+05:30 INFO Temporary presigned URL access validated successfully
2026-08-18T20:01:50+05:30 INFO Object Lock Legal Hold test initiated
2026-08-18T20:01:55+05:30 INFO Object deletion blocked while Legal Hold was enabled
2026-08-18T20:02:00+05:30 INFO Legal Hold disabled for training validation
2026-08-18T20:02:05+05:30 INFO Object deletion behavior validated successfully
2026-08-18T20:02:10+05:30 INFO S3 security and protection checks completed
2026-08-18T20:02:15+05:30 INFO Day 11 S3 training lab completed successfully
2026-08-18T20:02:20+05:30 INFO No customer, learner, or production data was used